---
source: compiler-core/src/codegen.rs
expression: wat
---
(module
(func $internal_add (param $x i32) (param $y i32) (result i32)
    (local.get $x)
    (local.get $y)
    (i32.add))
(func $add (export "add") (param $x i32) (param $y i32) (result i32)
    (local.get $x)
    (local.get $y)
    (call $internal_add)))
