---
source: compiler-core/src/wasm.rs
expression: wat
---
(module
(type $heap_type (sub (struct (field $tag i64))))
(func $add (export "add") (param $x (ref i31)) (param $y (ref i31)) (result (ref i31))
    (i32.add (local.get $x) (i31.get_s) (local.get $y) (i31.get_s))
    (ref.i31))
(@producers (language "Gleam" "1.0.0-rc2"))
)
