---
source: compiler-core/src/wasm.rs
expression: wat
---
(module
(func $add (export "add") (param $x i32) (param $y i32) (result i32)
    (local $z i32)
    (local $a i32)
    (i32.const 10)
    (local.set $z)
    (i32.const 100)
    (local.set $a)
    (i32.add (i32.add (i32.add (local.get $x) (local.get $y)) (local.get $z)) (local.get $a)))
(@producers (language "Gleam" "1.0.0-rc2"))
)
